[2026-06-13 11:16:33] === Backup started ===
[2026-06-13 11:16:33] Database: retail_ims
[2026-06-13 11:16:33] Output: /opt/Inventory-control/backups/retail_ims_2026-06-13_11-16-33.sql.gz
[2026-06-13 11:16:34] Backup success
[2026-06-13 11:16:34] Size: 136K
[2026-06-13 11:16:34] Duration: 1s
[2026-06-13 11:16:34] Verifying archive integrity...
[2026-06-13 11:16:34] Archive verification passed
[2026-06-13 11:16:34] Cleaning backups older than 7 days
[2026-06-13 11:16:34] Deleted 0 old backups
[2026-06-13 11:16:34] === Backup complete ===
[2026-06-14 02:00:01] === Backup started ===
[2026-06-14 02:00:01] Database: retail_ims
[2026-06-14 02:00:01] Output: /opt/Inventory-control/backups/retail_ims_2026-06-14_02-00-01.sql.gz
[2026-06-14 02:00:01] Backup success
[2026-06-14 02:00:01] Size: 28K
[2026-06-14 02:00:01] Duration: 0s
[2026-06-14 02:00:01] Verifying archive integrity...
[2026-06-14 02:00:01] Archive verification passed
[2026-06-14 02:00:01] Cleaning backups older than 7 days
[2026-06-14 02:00:01] Deleted 0 old backups
[2026-06-14 02:00:01] === Backup complete ===
